<testsuites name="results">
  <testsuite name="all" package="all">
    <property name="random_seed" value="1767677188" />
    <testcase name="smoke_test" classname="tests.bit_cell_test" file="/Users/macmini/Documents/Coding/sram/tests/bit_cell_test.py" lineno="9" time="0.0002739429473876953" sim_time_ns="20.0" ratio_time="73007.90252393385" />
    <testcase name="test_reset_state" classname="tests.bit_cell_test" file="/Users/macmini/Documents/Coding/sram/tests/bit_cell_test.py" lineno="17" time="0.00023508071899414062" sim_time_ns="2.0" ratio_time="8507.71602434077" />
  </testsuite>
</testsuites>